---
source: src/cdcl.rs
description: 00f969737ba4338bd233cd3ed249bd55
expression: cdcl.trail.to_string()
snapshot_kind: text
---
 ¬x4 | 0 | ¬x4
  x6 | 0 | x6
 x11 | 0 | x11
 x21 | 0 | x21
¬x28 | 0 | ¬x28
 x39 | 0 | x39
 ¬x2 | 0 | ¬x2
 x24 | 0 | x2 ∨ x24
  x7 | 0 | x7
 x25 | 0 | x2 ∨ ¬x7 ∨ ¬x24 ∨ x25
¬x17 | 0 | ¬x17
¬x22 | 0 | x2 ∨ ¬x22 ∨ ¬x24
 x12 | 0 | x12
 ¬x1 | 0 | ¬x1 ∨ x2 ∨ ¬x7 ∨ ¬x12 ∨ x17 ∨ ¬x24 ∨ ¬x25
 x26 | 0 | x1 ∨ x26
