---
source: src/cdcl.rs
description: 38de0de52a209b6d0beb50986fd8b506
expression: cdcl.trail.to_string()
snapshot_kind: text
---
  x2 | 0 | x2
  x6 | 0 | x6
 ¬x7 | 0 | ¬x7
 x13 | 0 | x13
¬x23 | 0 | ¬x23
¬x35 | 0 | ¬x35
¬x16 | 0 | ¬x16
¬x38 | 0 | x16 ∨ ¬x38
 x11 | 0 | x11
 ¬x3 | 0 | ¬x3 ∨ ¬x11 ∨ x16 ∨ x38
  x8 | 0 | x3 ∨ x8
 ¬x1 | 0 | ¬x1 ∨ x3 ∨ ¬x8 ∨ x16 ∨ x38
 x19 | 0 | x1 ∨ x3 ∨ ¬x8 ∨ x19
 ¬x5 | 0 | x1 ∨ x3 ∨ ¬x5 ∨ ¬x8 ∨ ¬x19
 x21 | 0 | x5 ∨ x21
 ¬x4 | 0 | x1 ∨ ¬x4 ∨ x5 ∨ ¬x19 ∨ ¬x21
 x22 | 0 | x4 ∨ x22
